
Welcome to Gradle 9.7.1!

Here are the highlights of this release:
 - Isolated Projects graduates to incubating
 - Broader Configuration Cache compatibility
 - Resilient Sync helps you fix broken builds
 - More source locations in problem reports

For more details see https://docs.gradle.org/9.7.1/release-notes.html

To honour the JVM settings for this build a single-use Daemon process will be forked. For more on this, please refer to https://docs.gradle.org/9.7.1/userguide/gradle_daemon.html#sec:disabling_the_daemon in the Gradle documentation.
Daemon will be stopped at the end of the build 
Calculating task graph as no cached configuration is available for tasks: runClient

> Configure project :
Fabric Loom: 1.18.2

> Task :generateLog4jConfig
> Task :processResources UP-TO-DATE
> Task :processClientResources UP-TO-DATE
> Task :compileJava UP-TO-DATE
> Task :classes UP-TO-DATE
> Task :compileClientJava UP-TO-DATE
> Task :clientClasses UP-TO-DATE
> Task :generateRemapClasspath
> Task :generateDLIConfig
> Task :configureLaunch
> Task :downloadAssets
> Task :configureClientLaunch

> Task :runClient
[16:35:30] [main/INFO] (FabricLoader/GameProvider) Loading Minecraft 1.21.11 with Fabric Loader 0.19.5
[16:35:31] [main/INFO] (FabricLoader) Loading 53 mods:
	- cloth-basic-math 0.6.1
	- cloth-config 21.11.153
	- fabric-api 0.141.6+1.21.11
	- fabric-api-base 1.0.5+4ebb5c0853
	- fabric-api-lookup-api-v1 1.6.114+20dc27073e
	- fabric-biome-api-v1 17.1.1+4fc5413f3e
	- fabric-block-api-v1 1.1.10+4ebb5c083e
	- fabric-block-view-api-v2 1.0.39+4ebb5c083e
	- fabric-client-gametest-api-v1 4.3.5+bfe9fcf43e
	- fabric-command-api-v2 2.4.7+6b42a6003e
	- fabric-content-registries-v0 10.2.14+4fc5413f3e
	- fabric-convention-tags-v1 2.1.55+7f945d5b3e
	- fabric-convention-tags-v2 2.17.3+8ef948ba3e
	- fabric-crash-report-info-v1 0.3.23+4ebb5c083e
	- fabric-data-attachment-api-v1 1.8.48+eed0806f3e
	- fabric-data-generation-api-v1 23.5.0+88d7da613e
	- fabric-dimensions-v1 4.0.28+4fc5413f3e
	- fabric-entity-events-v1 3.1.1+1d0ab4303e
	- fabric-events-interaction-v0 4.1.1+3b89ecf63e
	- fabric-game-rule-api-v1 2.0.3+4fc5413f3e
	- fabric-gametest-api-v1 3.1.27+4fc5413f3e
	- fabric-item-api-v1 11.6.0+67f17bb43e
	- fabric-item-group-api-v1 4.2.36+4fc5413f3e
	- fabric-key-binding-api-v1 1.1.7+4fc5413f53
	- fabric-lifecycle-events-v1 2.6.15+4ebb5c0853
	- fabric-loot-api-v2 3.0.73+3f89f5a53e
	- fabric-loot-api-v3 2.0.20+78c8b4663e
	- fabric-message-api-v1 6.1.12+4ebb5c083e
	- fabric-model-loading-api-v1 6.0.15+4fc5413f3e
	- fabric-networking-api-v1 5.1.6+6b6d71a53e
	- fabric-object-builder-api-v1 21.1.40+4fc5413f3e
	- fabric-particles-v1 4.2.12+4fc5413f3e
	- fabric-recipe-api-v1 8.2.4+4ebb5c083e
	- fabric-registry-sync-v0 6.2.6+1718722b3e
	- fabric-renderer-api-v1 8.0.3+f4ffd2e53e
	- fabric-renderer-indigo 5.0.3+f4ffd2e53e
	- fabric-rendering-fluids-v1 3.1.43+4ebb5c083e
	- fabric-rendering-v1 16.2.10+0290ad933e
	- fabric-resource-conditions-api-v1 5.0.35+4fc5413f3e
	- fabric-resource-loader-v0 3.3.4+4fc5413f53
	- fabric-resource-loader-v1 1.0.10+78c8b46653
	- fabric-screen-api-v1 3.1.7+4ebb5c0853
	- fabric-screen-handler-api-v1 1.3.162+4fc5413f3e
	- fabric-serialization-api-v1 1.0.5+4ebb5c083e
	- fabric-sound-api-v1 1.0.51+4fc5413f3e
	- fabric-tag-api-v1 1.3.0+88d7da613e
	- fabric-transfer-api-v1 6.0.25+4fc5413f3e
	- fabric-transitive-access-wideners-v1 7.1.0+014c8cec3e
	- fabricloader 0.19.5
	- java 26
	- minecraft 1.21.11
	- mixinextras 0.5.5
	- verdiumuim 1.0.0
[16:35:32] [main/INFO] (FabricLoader/Mixin) SpongePowered MIXIN Subsystem Version=0.8.7 Source=file:/C:/Users/snook/.gradle/caches/modules-2/files-2.1/net.fabricmc/sponge-mixin/0.17.4+mixin.0.8.7/5f66cc9f59b8efaa942155a3d5a30599bf6640dd/sponge-mixin-0.17.4+mixin.0.8.7.jar Service=Knot/Fabric Env=CLIENT
[16:35:32] [main/INFO] (FabricLoader/Mixin) Loaded Fabric development mappings for mixin remapper!
[16:35:38] [main/INFO] (FabricLoader/MixinExtras|Service) Initializing MixinExtras via com.llamalad7.mixinextras.service.MixinExtrasServiceImpl(version=0.5.5).
WARNING: A restricted method in java.lang.System has been called
WARNING: java.lang.System::load has been called by com.sun.jna.Native in an unnamed module (file:/C:/Users/snook/.gradle/caches/modules-2/files-2.1/net.java.dev.jna/jna/5.17.0/33d12735bef894440780fce64f9758d420c7bae2/jna-5.17.0.jar)
WARNING: Use --enable-native-access=ALL-UNNAMED to avoid a warning for callers in this module
WARNING: Restricted methods will be blocked in a future release unless native access is enabled

[16:35:42] [Datafixer Bootstrap/INFO] (Minecraft) 287 Datafixer optimizations took 2174 milliseconds
WARNING: A terminally deprecated method in sun.misc.Unsafe has been called
WARNING: sun.misc.Unsafe::objectFieldOffset has been called by org.joml.MemUtil$MemUtilUnsafe (file:/C:/Users/snook/.gradle/caches/modules-2/files-2.1/org.joml/joml/1.10.8/fc0a71dad90a2cf41d82a76156a0e700af8e4f8d/joml-1.10.8.jar)
WARNING: Please consider reporting this to the maintainers of class org.joml.MemUtil$MemUtilUnsafe
WARNING: sun.misc.Unsafe::objectFieldOffset will be removed in a future release
[16:36:03] [Render thread/INFO] (Minecraft) Environment: Environment[sessionHost=https://sessionserver.mojang.com, servicesHost=https://api.minecraftservices.com, profilesHost=https://api.mojang.com, name=PROD]
[16:36:03] [Render thread/INFO] (Minecraft) Setting user: Player540
[16:36:03] [Render thread/INFO] (verdiumuim) Verdiumuim 1.0.0 loaded
[16:36:04] [Render thread/INFO] (Indigo) [Indigo] Registering Indigo renderer!
[16:36:04] [Render thread/INFO] (Verdiumuim) Verdiumuim client init complete (pipeline deferred to first tick, sodium=false)
[16:36:05] [Render thread/INFO] (Minecraft) [STDERR]: [LWJGL] [ThreadLocalUtil] Unsupported JNI version detected, this may result in a crash. Please inform LWJGL developers.
[16:36:06] [Render thread/INFO] (Minecraft) Backend library: LWJGL version 3.3.3-snapshot
[16:36:09] [Render thread/INFO] (Minecraft) Using optional rendering extensions: GL_ARB_buffer_storage, GL_KHR_debug, GL_ARB_vertex_attrib_binding, GL_ARB_direct_state_access, GL_EXT_texture_filter_anisotropic
[16:36:13] [Render thread/INFO] (Minecraft) Reloading ResourceManager: vanilla, cloth-config, fabric-api, fabric-api-base, fabric-api-lookup-api-v1, fabric-biome-api-v1, fabric-block-api-v1, fabric-block-view-api-v2, fabric-client-gametest-api-v1, fabric-command-api-v2, fabric-content-registries-v0, fabric-convention-tags-v1, fabric-convention-tags-v2, fabric-crash-report-info-v1, fabric-data-attachment-api-v1, fabric-data-generation-api-v1, fabric-dimensions-v1, fabric-entity-events-v1, fabric-events-interaction-v0, fabric-game-rule-api-v1, fabric-gametest-api-v1, fabric-item-api-v1, fabric-item-group-api-v1, fabric-key-binding-api-v1, fabric-lifecycle-events-v1, fabric-loot-api-v2, fabric-loot-api-v3, fabric-message-api-v1, fabric-model-loading-api-v1, fabric-networking-api-v1, fabric-object-builder-api-v1, fabric-particles-v1, fabric-recipe-api-v1, fabric-registry-sync-v0, fabric-renderer-api-v1, fabric-renderer-indigo, fabric-rendering-fluids-v1, fabric-rendering-v1, fabric-resource-conditions-api-v1, fabric-resource-loader-v0, fabric-resource-loader-v1, fabric-screen-api-v1, fabric-screen-handler-api-v1, fabric-serialization-api-v1, fabric-sound-api-v1, fabric-tag-api-v1, fabric-transfer-api-v1, fabric-transitive-access-wideners-v1, fabricloader, verdiumuim
[16:36:14] [Render thread/INFO] (Verdiumuim/GL) GL probe: Intel(R) UHD Graphics on 3.3.0 - Build 30.0.100.9864
[16:36:14] [Render thread/INFO] (Minecraft) OpenGL debug message: id=0, source=SHADER COMPILER, type=ERROR, severity=HIGH, message='SHADER_ID_COMPILE error has been generated. GLSL compile failed for shader 7, "": ERROR: 0:50: 'gl_DrawID' : undeclared identifier 
ERROR: 0:53: 'packed' : reserved word 
ERROR: 0:53: 'packed' : syntax error syntax error

'
[16:36:14] [Render thread/ERROR] (Verdiumuim) Pipeline init failed - falling back to vanilla rendering

java.lang.IllegalStateException: Compile failed for terrain (vert): ERROR: 0:50: 'gl_DrawID' : undeclared identifier 
ERROR: 0:53: 'packed' : reserved word 
ERROR: 0:53: 'packed' : syntax error syntax error


	at knot//com.snok.client.gl.ShaderProgram.compile(ShaderProgram.java:46)
	at knot//com.snok.client.gl.ShaderProgram.<init>(ShaderProgram.java:20)
	at knot//com.snok.client.render.ChunkBatchRenderer.<init>(ChunkBatchRenderer.java:80)
	at knot//com.snok.client.VerdiumuimClient.initPipeline(VerdiumuimClient.java:65)
	at knot//com.snok.client.VerdiumuimClient.lambda$onInitializeClient$0(VerdiumuimClient.java:50)
	at knot//net.fabricmc.fabric.api.client.event.lifecycle.v1.ClientTickEvents.lambda$static$2(ClientTickEvents.java:43)
	at knot//net.minecraft.client.MinecraftClient.handler$zzo000$fabric-lifecycle-events-v1$onEndTick(MinecraftClient.java:3144)
	at knot//net.minecraft.client.MinecraftClient.tick(MinecraftClient.java:1999)
	at knot//net.minecraft.client.MinecraftClient.render(MinecraftClient.java:1354)
	at knot//net.minecraft.client.MinecraftClient.run(MinecraftClient.java:966)
	at knot//net.minecraft.client.main.Main.main(Main.java:250)
	at net.fabricmc.loader.impl.game.minecraft.MinecraftGameProvider.launch(MinecraftGameProvider.java:517)
	at net.fabricmc.loader.impl.launch.knot.Knot.launch(Knot.java:72)
	at net.fabricmc.loader.impl.launch.knot.KnotClient.main(KnotClient.java:23)
	at net.fabricmc.devlaunchinjector.Main.main(Main.java:86)
[16:36:15] [Worker-Main-3/INFO] (Minecraft) Found unifont_pua-17.0.01.hex, loading
[16:36:15] [Worker-Main-1/INFO] (Minecraft) Found unifont_all_no_pua-17.0.01.hex, loading
[16:36:16] [Worker-Main-1/INFO] (Minecraft) Found unifont_jp_patch-17.0.01.hex, loading
[16:36:21] [Download-1/INFO] (Minecraft) Could not authorize you against Realms server: java.lang.RuntimeException: Failed to parse into SignedJWT: FabricMC
[16:36:25] [Render thread/INFO] (Minecraft) OpenAL initialized on device OpenAL Soft on SteelSeries Sonar - Gaming (SteelSeries Sonar Virtual Audio Device)
[16:36:25] [Render thread/INFO] (Minecraft) Sound engine started
[16:36:25] [Render thread/INFO] (Minecraft) Created: 512x256x0 minecraft:textures/atlas/particles.png-atlas
[16:36:25] [Render thread/INFO] (Minecraft) Created: 128x128x0 minecraft:textures/atlas/decorated_pot.png-atlas
[16:36:25] [Render thread/INFO] (Minecraft) Created: 2048x1024x0 minecraft:textures/atlas/armor_trims.png-atlas
[16:36:25] [Render thread/INFO] (Minecraft) Created: 512x256x0 minecraft:textures/atlas/paintings.png-atlas
[16:36:25] [Render thread/INFO] (Minecraft) Created: 1024x512x0 minecraft:textures/atlas/shield_patterns.png-atlas
[16:36:25] [Render thread/INFO] (Minecraft) Created: 2048x2048x4 minecraft:textures/atlas/blocks.png-atlas
[16:36:27] [Render thread/INFO] (Minecraft) Created: 512x512x0 minecraft:textures/atlas/chest.png-atlas
[16:36:27] [Render thread/INFO] (Minecraft) Created: 256x128x0 minecraft:textures/atlas/celestials.png-atlas
[16:36:27] [Render thread/INFO] (Minecraft) Created: 1024x512x0 minecraft:textures/atlas/banner_patterns.png-atlas
[16:36:27] [Render thread/INFO] (Minecraft) Created: 512x512x0 minecraft:textures/atlas/beds.png-atlas
[16:36:27] [Render thread/INFO] (Minecraft) Created: 1024x512x0 minecraft:textures/atlas/items.png-atlas
[16:36:27] [Render thread/INFO] (Minecraft) Created: 1024x1024x0 minecraft:textures/atlas/gui.png-atlas
[16:36:27] [Render thread/INFO] (Minecraft) Created: 128x64x0 minecraft:textures/atlas/map_decorations.png-atlas
[16:36:27] [Render thread/INFO] (Minecraft) Created: 512x256x0 minecraft:textures/atlas/signs.png-atlas
[16:36:27] [Render thread/INFO] (Minecraft) Created: 512x512x0 minecraft:textures/atlas/shulker_boxes.png-atlas
[16:36:36] [IO-Worker-1/INFO] (Minecraft) Could not authorize you against Realms server: java.lang.RuntimeException: Failed to parse into SignedJWT: FabricMC
[16:37:28] [Render thread/INFO] (Minecraft) Connecting to mcpvp.club, 25565
[16:37:28] [Download-1/ERROR] (Minecraft) Failed to retrieve profile key pair

com.mojang.authlib.exceptions.MinecraftClientHttpException: Status: 401
	at knot//com.mojang.authlib.minecraft.client.MinecraftClient.readInputStream(MinecraftClient.java:103)
	at knot//com.mojang.authlib.minecraft.client.MinecraftClient.post(MinecraftClient.java:64)
	at knot//com.mojang.authlib.yggdrasil.YggdrasilUserApiService.getKeyPair(YggdrasilUserApiService.java:61)
	at knot//net.minecraft.client.session.ProfileKeysImpl.fetchKeyPair(ProfileKeysImpl.java:128)
	at knot//net.minecraft.client.session.ProfileKeysImpl.method_44291(ProfileKeysImpl.java:77)
	at java.base/java.util.concurrent.CompletableFuture$AsyncSupply.run(CompletableFuture.java:1789)
	at java.base/java.util.concurrent.ThreadPoolExecutor.runWorker(ThreadPoolExecutor.java:1090)
	at java.base/java.util.concurrent.ThreadPoolExecutor$Worker.run(ThreadPoolExecutor.java:614)
	at java.base/java.lang.Thread.run(Thread.java:1516)
[16:37:41] [Render thread/INFO] (Minecraft) Loaded 1470 recipes
[16:37:41] [Render thread/INFO] (Minecraft) Loaded 1584 advancements

> Task :runClient FAILED

FAILURE: Build failed with an exception.

* What went wrong:
Execution failed for task ':runClient' (registered by plugin 'fabric-loom').
> Process 'command 'C:\Program Files\Java\jdk-26.0.2.1\bin\java.exe'' finished with non-zero exit value 1

* Try:
> Run with --stacktrace option to get the stack trace.
> Run with --info or --debug option to get more log output.
> Run with --scan to get full insights from a Build Scan (powered by Develocity).
> Get more help at https://help.gradle.org.

BUILD FAILED in 3m 56s
9 actionable tasks: 5 executed, 4 up-to-date
Configuration cache entry stored.
